// Jest Snapshot v1, https://goo.gl/fbAQLP

exports[`ErrorBoundry should contain right data 1`] = `
<div>
  content
</div>
`;
